
Discarded input sections

 .text          0x0000000000000000        0x0 build/src/main.o
 .data          0x0000000000000000        0x0 build/src/main.o
 .bss           0x0000000000000000        0x0 build/src/main.o
 .text.send_str
                0x0000000000000000       0x3c build/src/main.o
 .rodata        0x0000000000000000        0xe build/src/main.o
 .text.main     0x0000000000000000       0x1a build/src/main.o
 .debug_info    0x0000000000000000       0x99 build/src/main.o
 .debug_abbrev  0x0000000000000000       0xa4 build/src/main.o
 .debug_loc     0x0000000000000000       0x4e build/src/main.o
 .debug_aranges
                0x0000000000000000       0x28 build/src/main.o
 .debug_ranges  0x0000000000000000       0x18 build/src/main.o
 .debug_line    0x0000000000000000       0x91 build/src/main.o
 .debug_str     0x0000000000000000      0x128 build/src/main.o
 .comment       0x0000000000000000       0x29 build/src/main.o
 .debug_frame   0x0000000000000000       0x54 build/src/main.o
 .riscv.attributes
                0x0000000000000000       0x26 build/src/main.o
 .text          0x0000000000000000        0x0 build/src/startup.o
 .data          0x0000000000000000        0x0 build/src/startup.o
 .bss           0x0000000000000000        0x0 build/src/startup.o

Memory Configuration

Name             Origin             Length             Attributes
*default*        0x0000000000000000 0xffffffffffffffff

Linker script and memory map

LOAD /opt/riscv64-toolchains/bin/../lib/gcc/riscv64-unknown-elf/8.3.0/../../../../riscv64-unknown-elf/lib/rv32im/ilp32/libc.a
LOAD /opt/riscv64-toolchains/bin/../lib/gcc/riscv64-unknown-elf/8.3.0/../../../../riscv64-unknown-elf/lib/rv32im/ilp32/libm.a
LOAD build/src/main.o
LOAD build/src/startup.o
LOAD /opt/riscv64-toolchains/bin/../lib/gcc/riscv64-unknown-elf/8.3.0/rv32im/ilp32/libgcc.a
START GROUP
LOAD /opt/riscv64-toolchains/bin/../lib/gcc/riscv64-unknown-elf/8.3.0/../../../../riscv64-unknown-elf/lib/rv32im/ilp32/libc.a
LOAD /opt/riscv64-toolchains/bin/../lib/gcc/riscv64-unknown-elf/8.3.0/../../../../riscv64-unknown-elf/lib/rv32im/ilp32/libgloss.a
END GROUP
LOAD /opt/riscv64-toolchains/bin/../lib/gcc/riscv64-unknown-elf/8.3.0/rv32im/ilp32/libgcc.a
                0x0000000080000000                BASE_ADDRESS = 0x80000000
                0x0000000000004000                STACK_SIZE = 0x4000
                0x0000000080000000                . = BASE_ADDRESS
                0x0000000080000000                start = .

.text           0x0000000080000000       0x26
                0x0000000080000000                stext = .
 *(.text.entry)
 .text.entry    0x0000000080000000       0x26 build/src/startup.o
                0x0000000080000000                _start
 *(.text .text.*)
                0x0000000080000026                etext = .
                0x0000000080000028                . = ALIGN (0x8)

.rodata         0x0000000080000028        0x0
                0x0000000080000028                srodata = .
 *(.rodata .rodata.* .rodata*)
 *(.srodata .srodata.* .srodata*)
                0x0000000080000028                erodata = .
                0x0000000080000028                . = ALIGN (0x8)
                0x0000000080000028                . = ALIGN (0x8)

.eh_frame_hdr
 *(.eh_frame_hdr)
 *(.eh_frame_entry)

.eh_frame
 *(.eh_frame)
                0x0000000080000028                . = ALIGN (0x8)

.data           0x0000000080000028        0x0
                0x0000000080000028                sdata = .
 *(.data .data.*)
                0x0000000080000028                . = ALIGN (0x8)
                [!provide]                        PROVIDE (__global_pointer$ = (. + 0x800))
 *(.sdata .sdata.*)
                0x0000000080000028                edata = .
                0x0000000080000028                . = ALIGN (0x8)

.osdebug        0x0000000080000028     0x2000
                0x0000000080000028                _osdebug_start = .
                0x0000000080002028                . = (. + 0x2000)
 *fill*         0x0000000080000028     0x2000 
                0x0000000080002028                _osdebug_end = .
                0x0000000080002028                . = ALIGN (0x8)

.bss            0x0000000080002028     0x8fd8
                0x0000000080002028                sbss = .
 *(.sbss .sbss.*)
 *(.dynsbss)
 *(.scommon)
 *(.bss .bss.*)
 *(.dynbss)
 *(COMMON)
                0x0000000080003000                . = ALIGN (0x1000)
 *fill*         0x0000000080002028      0xfd8 
                [!provide]                        PROVIDE (__stack_start = .)
                0x0000000080007000                . = (. + STACK_SIZE)
 *fill*         0x0000000080003000     0x4000 
                0x0000000080007000                . = ALIGN (0x8)
                [!provide]                        PROVIDE (__stack_default = .)
                0x000000008000b000                . = (. + STACK_SIZE)
 *fill*         0x0000000080007000     0x4000 
                0x000000008000b000                . = ALIGN (0x8)
                [!provide]                        PROVIDE (__stack_interrupt_cpu0 = .)
                0x000000008000b000                ebss = .
                0x000000008000b000                . = ALIGN (0x1000)
                0x000000008000b000                _heap_start = .
                [!provide]                        PROVIDE (end = .)
OUTPUT(test.elf elf32-littleriscv)

.riscv.attributes
                0x0000000000000000       0x26
 .riscv.attributes
                0x0000000000000000       0x24 build/src/startup.o

.debug_line     0x0000000000000000       0x78
 .debug_line    0x0000000000000000       0x78 build/src/startup.o

.debug_info     0x0000000000000000       0x26
 .debug_info    0x0000000000000000       0x26 build/src/startup.o

.debug_abbrev   0x0000000000000000       0x14
 .debug_abbrev  0x0000000000000000       0x14 build/src/startup.o

.debug_aranges  0x0000000000000000       0x20
 .debug_aranges
                0x0000000000000000       0x20 build/src/startup.o

.debug_str      0x0000000000000000       0x6d
 .debug_str     0x0000000000000000       0x6d build/src/startup.o

Cross Reference Table

Symbol                                            File
_start                                            build/src/startup.o
main                                              build/src/main.o
send_char                                         build/src/main.o
send_str                                          build/src/main.o
