
Discarded input sections

 .text          0x0000000000000000        0x0 build/src/main.o
 .data          0x0000000000000000        0x0 build/src/main.o
 .bss           0x0000000000000000        0x0 build/src/main.o

Memory Configuration

Name             Origin             Length             Attributes
*default*        0x0000000000000000 0xffffffffffffffff

Linker script and memory map

LOAD /opt/riscv64-toolchains/bin/../lib/gcc/riscv64-unknown-elf/8.3.0/../../../../riscv64-unknown-elf/lib/rv32im/ilp32/libc.a
LOAD /opt/riscv64-toolchains/bin/../lib/gcc/riscv64-unknown-elf/8.3.0/../../../../riscv64-unknown-elf/lib/rv32im/ilp32/libm.a
LOAD build/src/main.o
LOAD /opt/riscv64-toolchains/bin/../lib/gcc/riscv64-unknown-elf/8.3.0/rv32im/ilp32/libgcc.a
START GROUP
LOAD /opt/riscv64-toolchains/bin/../lib/gcc/riscv64-unknown-elf/8.3.0/../../../../riscv64-unknown-elf/lib/rv32im/ilp32/libc.a
LOAD /opt/riscv64-toolchains/bin/../lib/gcc/riscv64-unknown-elf/8.3.0/../../../../riscv64-unknown-elf/lib/rv32im/ilp32/libgloss.a
END GROUP
LOAD /opt/riscv64-toolchains/bin/../lib/gcc/riscv64-unknown-elf/8.3.0/rv32im/ilp32/libgcc.a
                0x0000000080000000                BASE_ADDRESS = 0x80000000
                0x0000000000004000                STACK_SIZE = 0x4000
                0x0000000080000000                . = BASE_ADDRESS
                0x0000000080000000                start = .

.text           0x0000000080000000       0xa4
                0x0000000080000000                stext = .
 *(.text.entry)
 .text.entry    0x0000000080000000       0xa4 build/src/main.o
                0x0000000080000000                _start
 *(.text .text.*)
                0x00000000800000a4                etext = .
                0x00000000800000a8                . = ALIGN (0x8)

.rodata         0x00000000800000a8        0x0
                0x00000000800000a8                srodata = .
 *(.rodata .rodata.* .rodata*)
 *(.srodata .srodata.* .srodata*)
                0x00000000800000a8                erodata = .
                0x00000000800000a8                . = ALIGN (0x8)
                0x00000000800000a8                . = ALIGN (0x8)

.eh_frame_hdr
 *(.eh_frame_hdr)
 *(.eh_frame_entry)

.eh_frame
 *(.eh_frame)
                0x00000000800000a8                . = ALIGN (0x8)

.data           0x00000000800000a8        0x0
                0x00000000800000a8                sdata = .
 *(.data .data.*)
                0x00000000800000a8                . = ALIGN (0x8)
                [!provide]                        PROVIDE (__global_pointer$ = (. + 0x800))
 *(.sdata .sdata.*)
                0x00000000800000a8                edata = .
                0x00000000800000a8                . = ALIGN (0x8)

.osdebug        0x00000000800000a8     0x2000
                0x00000000800000a8                _osdebug_start = .
                0x00000000800020a8                . = (. + 0x2000)
 *fill*         0x00000000800000a8     0x2000 
                0x00000000800020a8                _osdebug_end = .
                0x00000000800020a8                . = ALIGN (0x8)

.bss            0x00000000800020a8     0x8f58
                0x00000000800020a8                sbss = .
 *(.sbss .sbss.*)
 *(.dynsbss)
 *(.scommon)
 *(.bss .bss.*)
 *(.dynbss)
 *(COMMON)
                0x0000000080003000                . = ALIGN (0x1000)
 *fill*         0x00000000800020a8      0xf58 
                [!provide]                        PROVIDE (__stack_start = .)
                0x0000000080007000                . = (. + STACK_SIZE)
 *fill*         0x0000000080003000     0x4000 
                0x0000000080007000                . = ALIGN (0x8)
                [!provide]                        PROVIDE (__stack_default = .)
                0x000000008000b000                . = (. + STACK_SIZE)
 *fill*         0x0000000080007000     0x4000 
                0x000000008000b000                . = ALIGN (0x8)
                [!provide]                        PROVIDE (__stack_interrupt_cpu0 = .)
                0x000000008000b000                ebss = .
                0x000000008000b000                . = ALIGN (0x1000)
                0x000000008000b000                _heap_start = .
                [!provide]                        PROVIDE (end = .)
OUTPUT(test.elf elf32-littleriscv)

.riscv.attributes
                0x0000000000000000       0x1f
 .riscv.attributes
                0x0000000000000000       0x1f build/src/main.o

.debug_line     0x0000000000000000      0x129
 .debug_line    0x0000000000000000      0x129 build/src/main.o

.debug_info     0x0000000000000000       0x26
 .debug_info    0x0000000000000000       0x26 build/src/main.o

.debug_abbrev   0x0000000000000000       0x14
 .debug_abbrev  0x0000000000000000       0x14 build/src/main.o

.debug_aranges  0x0000000000000000       0x20
 .debug_aranges
                0x0000000000000000       0x20 build/src/main.o

.debug_str      0x0000000000000000       0x6a
 .debug_str     0x0000000000000000       0x6a build/src/main.o

Cross Reference Table

Symbol                                            File
_start                                            build/src/main.o
